----------------------------------------------------------------------------------------------------
------------------------------------ MegaLinter, by OX Security ------------------------------------
----------------------------------------------------------------------------------------------------
 - Image Creation Date: 2026-05-16T13:18:39Z
 - Image Revision: 0e3ce9b9c8c10effb9b269509cc47ca17cae31c7
 - Image Version: v9.5.0
----------------------------------------------------------------------------------------------------
The MegaLinter documentation can be found at:
 - https://megalinter.io/9.5.0
----------------------------------------------------------------------------------------------------
::group::MegaLinter initialization (expand for details)
MegaLinter will analyze workspace [/github/workspace]
GITHUB_REPOSITORY: IPS-Stuttgart/HippoReplayIMM
GITHUB_REF: refs/pull/62/merge
GITHUB_RUN_ID: 26000302027
PAT: not set

[Activation] ANSIBLE_ANSIBLE_LINT has been set inactive, as none of these files has been found: ['.ansible-lint', '.ansible-lint.yml', '.ansible-lint.yaml', '.config/ansible-lint.yml', '.config/ansible-lint.yaml']
[Activation] EDITORCONFIG_EDITORCONFIG_CHECKER has been set inactive, as none of these files has been found: ['.editorconfig']
[Activation] JAVASCRIPT_ES has been set inactive, as none of these files has been found: ['eslint.config.js', 'eslint.config.mjs', 'eslint.config.cjs', 'eslint.config.ts', '.eslintrc.json', '.eslintrc.yml', '.eslintrc.yaml', '.eslintrc.js', '.eslintrc.cjs', 'package.json:eslintConfig']
[Activation] JSON_NPM_PACKAGE_JSON_LINT has been set inactive, as none of these files has been found: ['package.json']
[Activation] JSX_ESLINT has been set inactive, as none of these files has been found: ['eslint.config.js', 'eslint.config.mjs', 'eslint.config.cjs', 'eslint.config.ts', '.eslintrc.json', '.eslintrc.yml', '.eslintrc.yaml', '.eslintrc.js', '.eslintrc.cjs', 'package.json:eslintConfig']
[Activation] KUBERNETES_KUBECONFORM has been set inactive, as subdirectory has not been found: kubernetes (set value "any" to always activate)
[Activation] KUBERNETES_HELM has been set inactive, as none of these files has been found: ['Chart.yml', 'Chart.yaml']
[Activation] KUBERNETES_KUBESCAPE has been set inactive, as none of these files has been found: ['Chart.yml', 'Chart.yaml']
[Activation] REPOSITORY_LS_LINT has been set inactive, as none of these files has been found: ['.ls-lint.yml']
[SemgrepLinter] Deactivated because no ruleset has been defined
[Activation] SALESFORCE_CODE_ANALYZER_APEX has been set inactive, as subdirectory has not been found: force-app (set value "any" to always activate)
[Activation] SALESFORCE_CODE_ANALYZER_AURA has been set inactive, as subdirectory has not been found: force-app (set value "any" to always activate)
[Activation] SALESFORCE_CODE_ANALYZER_LWC has been set inactive, as subdirectory has not been found: force-app (set value "any" to always activate)
[Activation] SALESFORCE_SFDX_SCANNER_APEX has been set inactive, as subdirectory has not been found: force-app (set value "any" to always activate)
[Activation] SALESFORCE_SFDX_SCANNER_AURA has been set inactive, as subdirectory has not been found: force-app (set value "any" to always activate)
[Activation] SALESFORCE_SFDX_SCANNER_LWC has been set inactive, as subdirectory has not been found: force-app (set value "any" to always activate)
[Activation] SALESFORCE_LIGHTNING_FLOW_SCANNER has been set inactive, as subdirectory has not been found: force-app (set value "any" to always activate)
[Activation] SPELL_PROSELINT has been set inactive, as none of these files has been found: ['.proselintrc', 'proselint/config.json']
[Activation] SPELL_VALE has been set inactive, as none of these files has been found: ['.vale.ini']
[Activation] SPELL_CODESPELL has been set inactive, as none of these files has been found: ['.codespellrc']
[Activation] SQL_SQLFLUFF has been set inactive, as none of these files has been found: ['.sqlfluff']
[Activation] SWIFT_SWIFTLINT has been set inactive, as none of these files has been found: ['.swiftlint.yml']
[Activation] TSX_ESLINT has been set inactive, as none of these files has been found: ['eslint.config.js', 'eslint.config.mjs', 'eslint.config.cjs', 'eslint.config.ts', '.eslintrc.json', '.eslintrc.yml', '.eslintrc.yaml', '.eslintrc.js', '.eslintrc.cjs', 'package.json:eslintConfig']
[Activation] TYPESCRIPT_ES has been set inactive, as none of these files has been found: ['eslint.config.js', 'eslint.config.mjs', 'eslint.config.cjs', 'eslint.config.ts', '.eslintrc.json', '.eslintrc.yml', '.eslintrc.yaml', '.eslintrc.js', '.eslintrc.cjs', 'package.json:eslintConfig']
API_SPECTRAL has been disabled in MegaLinter for the following reason: crashing
JSON_ESLINT_PLUGIN_JSONC has been disabled in MegaLinter for the following reason: Bug in eslint-plugin-jsonc: <https://github.com/ota-meshi/eslint-plugin-jsonc/issues/328>
LUA_SELENE has been disabled in MegaLinter for the following reason: <https://github.com/Kampfkarren/selene/issues/662>
MAKEFILE_CHECKMAKE has been disabled in MegaLinter for the following reason: Security issues: <https://github.com/checkmake/checkmake/issues/99>
MARKDOWN_REMARK_LINT has been disabled in MegaLinter for the following reason: Bug in remark-lint: <https://github.com/remarkjs/remark-lint/issues/322>
PUPPET_PUPPET_LINT has been disabled in MegaLinter for the following reason: <https://github.com/puppetlabs/puppet-lint/issues/251>
REPOSITORY_KICS has been disabled in MegaLinter for the following reason: Supply chain compromise - <https://socket.dev/blog/checkmarx-supply-chain-compromise>
SALESFORCE_LIGHTNING_FLOW_SCANNER has been disabled in MegaLinter for the following reason: Repo archived -> <https://github.com/Lightning-Flow-Scanner>
Skipped linters: ANSIBLE_ANSIBLE_LINT, API_SPECTRAL, COPYPASTE_JSCPD, EDITORCONFIG_EDITORCONFIG_CHECKER, JAVASCRIPT_ES, JAVASCRIPT_PRETTIER, JSON_ESLINT_PLUGIN_JSONC, JSON_JSONLINT, JSON_NPM_PACKAGE_JSON_LINT, JSX_ESLINT, KUBERNETES_HELM, KUBERNETES_KUBECONFORM, KUBERNETES_KUBESCAPE, LUA_SELENE, MAKEFILE_CHECKMAKE, MARKDOWN_REMARK_LINT, MARKDOWN_RUMDL, PUPPET_PUPPET_LINT, PYTHON_BANDIT, PYTHON_BLACK, PYTHON_FLAKE8, PYTHON_ISORT, PYTHON_MYPY, PYTHON_PYLINT, PYTHON_PYRIGHT, PYTHON_RUFF_FORMAT, REPOSITORY_DEVSKIM, REPOSITORY_GRYPE, REPOSITORY_KICS, REPOSITORY_LS_LINT, REPOSITORY_SEMGREP, REPOSITORY_TRIVY, SALESFORCE_CODE_ANALYZER_APEX, SALESFORCE_CODE_ANALYZER_AURA, SALESFORCE_CODE_ANALYZER_LWC, SALESFORCE_LIGHTNING_FLOW_SCANNER, SALESFORCE_SFDX_SCANNER_APEX, SALESFORCE_SFDX_SCANNER_AURA, SALESFORCE_SFDX_SCANNER_LWC, SPELL_CODESPELL, SPELL_CSPELL, SPELL_LYCHEE, SPELL_PROSELINT, SPELL_VALE, SQL_SQLFLUFF, SWIFT_SWIFTLINT, TSX_ESLINT, TYPESCRIPT_ES, TYPESCRIPT_PRETTIER
To receive reports as email, please set variable EMAIL_REPORTER_EMAIL
[ApiReporter] Not enabled as API_REPORTER is not defined to true
::endgroup::
::group::MegaLinter now collects the files to analyse (expand for details)
Listing all files in directory [/github/workspace], then filter with:
- File extensions: , .R, .RMD, .Rmd, .bash, .bicep, .c, .c++, .cc, .cdxml, .clj, .cljc, .cljs, .coffee, .config, .cpp, .cs, .csproj, .css, .cu, .cuh, .cxx, .dart, .dash, .edn, .env, .feature, .go, .gradle, .graphql, .groovy, .gvy, .h, .h++, .hcl, .hh, .hpp, .htm, .html, .hxx, .ipynb, .java, .js, .json, .ksh, .kt, .kts, .lua, .md, .nf, .p6, .php, .pl, .pl6, .pm, .pm6, .props, .proto, .ps1, .ps1xml, .psd1, .psm1, .psrc, .pssc, .py, .pyi, .r, .raku, .rakumod, .rakutest, .rb, .resource, .robot, .rs, .rst, .saas, .scala, .scss, .sh, .smk, .sql, .t, .targets, .tex, .tf, .ts, .vb, .xml, .xsd, .yaml, .yml
- File names (regex): (.*\.)?Dockerfile, Containerfile, Jenkinsfile, Snakefile
- Excluding regex: (^\.github/workflows/)
- Excluding .gitignored files [0]: 
Kept [88] files on [113] found files

+----MATCHING LINTERS-------------------+-----------------+----------------+------------+
| Descriptor | Linter                   | Criteria        | Matching files | Format/Fix |
+------------+--------------------------+-----------------+----------------+------------+
| PYTHON     | ruff                     | .py|.pyi|.ipynb | 78             | yes        |
| JSON       | v8r                      | .json           | 1              | no         |
| JSON       | prettier                 | .json           | 1              | yes        |
| MARKDOWN   | markdownlint             | .md             | 2              | yes        |
| MARKDOWN   | markdown-table-formatter | .md             | 2              | yes        |
| REPOSITORY | checkov                  |                 | project        | no         |
| REPOSITORY | git_diff                 |                 | project        | no         |
| REPOSITORY | gitleaks                 |                 | project        | no         |
| REPOSITORY | osv-scanner              |                 | project        | no         |
| REPOSITORY | secretlint               |                 | project        | no         |
| REPOSITORY | syft                     |                 | project        | no         |
| REPOSITORY | trivy-sbom               |                 | project        | no         |
| REPOSITORY | trufflehog               |                 | project        | no         |
| YAML       | prettier                 | .yml|.yaml      | 5              | yes        |
| YAML       | yamllint                 | .yml|.yaml      | 5              | no         |
| YAML       | v8r                      | .yml|.yaml      | 5              | no         |
+------------+--------------------------+-----------------+----------------+------------+
::endgroup::
Processing linters on [4] parallel cores… (can be decreased with variable PARALLEL_PROCESS_NUMBER in case of performance issues)
::group::[32m✅ Linted [JSON] files with [prettier] successfully - (0.32s)[0m (expand for details)
- Using [prettier v3.8.3] https://megalinter.io/9.5.0/descriptors/json_prettier
- MegaLinter key: [JSON_PRETTIER]
- Rules config: identified by [prettier]
- Number of files analyzed: [1]
- CWD: [/github/workspace]
- Command: [prettier --write .jscpd.json]
::endgroup::
::group::[32m✅ Linted [JSON] files with [v8r] successfully - (2.4s)[0m (expand for details)
- Using [v8r v6.0.0] https://megalinter.io/9.5.0/descriptors/json_v8r
- MegaLinter key: [JSON_V8R]
- Rules config: identified by [v8r]
- Number of files analyzed: [1]
- CWD: [/github/workspace]
- Command: [v8r --ignore-errors .jscpd.json]
::endgroup::
::group::[32m✅ Linted [MARKDOWN] files with [markdownlint] successfully - (0.73s)[0m (expand for details)
- Using [markdownlint v0.48.0] https://megalinter.io/9.5.0/descriptors/markdown_markdownlint
- MegaLinter key: [MARKDOWN_MARKDOWNLINT]
- Rules config: [.markdownlint.json]
- Number of files analyzed: [2]
- CWD: [/github/workspace]
- Command: [markdownlint --fix -c /action/lib/.automation/.markdownlint.json .github/release-notes-instructions.md README.md]
::endgroup::
::group::[32m✅ Linted [MARKDOWN] files with [markdown-table-formatter] successfully - (0.24s)[0m (expand for details)
- Using [markdown-table-formatter v1.7.0] https://megalinter.io/9.5.0/descriptors/markdown_markdown_table_formatter
- MegaLinter key: [MARKDOWN_MARKDOWN_TABLE_FORMATTER]
- Rules config: identified by [markdown-table-formatter]
- Number of files analyzed: [2]
- CWD: [/github/workspace]
- Command: [markdown-table-formatter .github/release-notes-instructions.md README.md]
::endgroup::
::group::[32m✅ Linted [PYTHON] files with [ruff] successfully - (0.26s)[0m (expand for details)
- Using [ruff v0.15.13] https://megalinter.io/9.5.0/descriptors/python_ruff
- MegaLinter key: [PYTHON_RUFF]
- Rules config: [.ruff.toml]
- Number of files analyzed: [78]
- CWD: [/github/workspace]
- Command: [ruff check --fix --config /action/lib/.automation/.ruff.toml .github/actions/download-pfeiffer-foster/install_rclone.py .github/actions/download-pfeiffer-foster/normalize_dataset.py .github/actions/ensure-pfeiffer-foster-dataset/validate_dataset.py s...(truncated)]
::endgroup::
::group::[32m✅ Linted [REPOSITORY] files with [checkov] successfully - (20.12s)[0m (expand for details)
- Using [checkov v3.2.529] https://megalinter.io/9.5.0/descriptors/repository_checkov
- MegaLinter key: [REPOSITORY_CHECKOV]
- Rules config: [/github/workspace/.checkov.yml]
- CWD: [/github/workspace]
- Command: [checkov --directory . --config-file /github/workspace/.checkov.yml]
::endgroup::
::group::[32m✅ Linted [REPOSITORY] files with [gitleaks] successfully - (1.12s)[0m (expand for details)
- Using [gitleaks v8.30.1] https://megalinter.io/9.5.0/descriptors/repository_gitleaks
- MegaLinter key: [REPOSITORY_GITLEAKS]
- Rules config: [.gitleaks.toml]
- CWD: [/github/workspace]
- Command: [gitleaks detect --redact -c /action/lib/.automation/.gitleaks.toml --verbose --source .]
::endgroup::
::group::[32m✅ Linted [REPOSITORY] files with [git_diff] successfully - (0.01s)[0m (expand for details)
- Using [git_diff v2.52.0] https://megalinter.io/9.5.0/descriptors/repository_git_diff
- MegaLinter key: [REPOSITORY_GIT_DIFF]
- Rules config: identified by [git_diff]
- CWD: [/github/workspace]
- Command: [git diff --check]
::endgroup::
::group::[32m✅ Linted [REPOSITORY] files with [osv-scanner] successfully - (0.47s)[0m (expand for details)
- Using [osv-scanner v2.3.8] https://megalinter.io/9.5.0/descriptors/repository_osv_scanner
- MegaLinter key: [REPOSITORY_OSV_SCANNER]
- Rules config: identified by [osv-scanner]
- CWD: [/github/workspace]
- Command: [osv-scanner scan source --recursive .]
::endgroup::
::group::[32m✅ Linted [REPOSITORY] files with [secretlint] successfully - (0.95s)[0m (expand for details)
- Using [secretlint v11.7.1] https://megalinter.io/9.5.0/descriptors/repository_secretlint
- MegaLinter key: [REPOSITORY_SECRETLINT]
- Rules config: [.secretlintrc.json]
- CWD: [/github/workspace]
- Command: [secretlint --secretlintrc /action/lib/.automation/.secretlintrc.json --secretlintignore .gitignore **/*]
::endgroup::
::group::[32m✅ Linted [REPOSITORY] files with [syft] successfully - (1.99s)[0m (expand for details)
- Using [syft v1.44.0] https://megalinter.io/9.5.0/descriptors/repository_syft
- MegaLinter key: [REPOSITORY_SYFT]
- Rules config: identified by [syft]
- CWD: [/github/workspace]
- Command: [syft scan .]
::endgroup::
::group::[32m✅ Linted [REPOSITORY] files with [trivy-sbom] successfully - (0.69s)[0m (expand for details)
- Using [trivy-sbom v0.70.0] https://megalinter.io/9.5.0/descriptors/repository_trivy_sbom
- MegaLinter key: [REPOSITORY_TRIVY_SBOM]
- Rules config: identified by [trivy-sbom]
- CWD: [/github/workspace]
- Command: [trivy fs --format cyclonedx .]
::endgroup::
::group::[32m✅ Linted [REPOSITORY] files with [trufflehog] successfully - (3.94s)[0m (expand for details)
- Using [trufflehog v3.95.3] https://megalinter.io/9.5.0/descriptors/repository_trufflehog
- MegaLinter key: [REPOSITORY_TRUFFLEHOG]
- Rules config: identified by [trufflehog]
- CWD: [/github/workspace]
- Command: [trufflehog filesystem . --fail --only-verified --no-update --exclude-paths=/action/lib/.automation/.trufflehogignore]
::endgroup::
::group::[32m✅ Linted [YAML] files with [prettier] successfully - (0.52s)[0m (expand for details)
- Using [prettier v3.8.3] https://megalinter.io/9.5.0/descriptors/yaml_prettier
- MegaLinter key: [YAML_PRETTIER]
- Rules config: identified by [prettier]
- Number of files analyzed: [5]
- CWD: [/github/workspace]
- Command: [prettier --write .checkov.yml .github/actions/download-pfeiffer-foster/action.yml .github/actions/ensure-pfeiffer-foster-dataset/action.yml .github/dependabot.yml .mega-linter.yml]
::endgroup::
::group::[32m✅ Linted [YAML] files with [v8r] successfully - (4.75s)[0m (expand for details)
- Using [v8r v6.0.0] https://megalinter.io/9.5.0/descriptors/yaml_v8r
- MegaLinter key: [YAML_V8R]
- Rules config: identified by [v8r]
- Number of files analyzed: [5]
- CWD: [/github/workspace]
- Command: [v8r --ignore-errors .checkov.yml .github/actions/download-pfeiffer-foster/action.yml .github/actions/ensure-pfeiffer-foster-dataset/action.yml .github/dependabot.yml .mega-linter.yml]
::endgroup::
::group::[32m✅ Linted [YAML] files with [yamllint] successfully - (0.49s)[0m (expand for details)
- Using [yamllint v1.38.0] https://megalinter.io/9.5.0/descriptors/yaml_yamllint
- MegaLinter key: [YAML_YAMLLINT]
- Rules config: [.yamllint.yml]
- Number of files analyzed: [5]
- CWD: [/github/workspace]
- Command: [yamllint --format standard -c /action/lib/.automation/.yamllint.yml .checkov.yml .github/actions/download-pfeiffer-foster/action.yml .github/actions/ensure-pfeiffer-foster-dataset/action.yml .github/dependabot.yml .mega-linter.yml]
::endgroup::
[GitHub Comment Reporter] Posted summary as comment on IPS-Stuttgart/HippoReplayIMM #PR62
[MARKDOWN_SUMMARY Reporter] Generated MARKDOWN_SUMMARY report: /github/workspace/megalinter-reports/megalinter-report.md
[MARKDOWN_SUMMARY Reporter] Also appended to GITHUB_STEP_SUMMARY: /github/file_commands/step_summary_20abba0a-b4e6-4eda-9f78-32977c2e7170

+----SUMMARY----+--------------------------+---------------+-------+-------+--------+----------+--------------+
| Descriptor    | Linter                   | Mode          | Files | Fixed | Errors | Warnings | Elapsed time |
+---------------+--------------------------+---------------+-------+-------+--------+----------+--------------+
| ✅ JSON       | prettier                 | list_of_files |     1 |     0 |      0 |        0 | 0.32s        |
| ✅ JSON       | v8r                      | list_of_files |     1 |       |      0 |        0 | 2.4s         |
| ✅ MARKDOWN   | markdownlint             | list_of_files |     2 |     0 |      0 |        0 | 0.73s        |
| ✅ MARKDOWN   | markdown-table-formatter | list_of_files |     2 |     0 |      0 |        0 | 0.24s        |
| ✅ PYTHON     | ruff                     | list_of_files |    78 |     1 |      0 |        0 | 0.26s        |
| ✅ REPOSITORY | checkov                  | project       |   n/a |       |      0 |        0 | 20.12s       |
| ✅ REPOSITORY | gitleaks                 | project       |   n/a |       |      0 |        0 | 1.12s        |
| ✅ REPOSITORY | git_diff                 | project       |   n/a |       |      0 |        0 | 0.01s        |
| ✅ REPOSITORY | osv-scanner              | project       |   n/a |       |      0 |        0 | 0.47s        |
| ✅ REPOSITORY | secretlint               | project       |   n/a |       |      0 |        0 | 0.95s        |
| ✅ REPOSITORY | syft                     | project       |   n/a |       |      0 |        0 | 1.99s        |
| ✅ REPOSITORY | trivy-sbom               | project       |   n/a |       |      0 |        0 | 0.69s        |
| ✅ REPOSITORY | trufflehog               | project       |   n/a |       |      0 |        0 | 3.94s        |
| ✅ YAML       | prettier                 | list_of_files |     5 |     0 |      0 |        0 | 0.52s        |
| ✅ YAML       | v8r                      | list_of_files |     5 |       |      0 |        0 | 4.75s        |
| ✅ YAML       | yamllint                 | list_of_files |     5 |       |      0 |        0 | 0.49s        |
+---------------+--------------------------+---------------+-------+-------+--------+----------+--------------+

[34m📣 **MegaLinter 9.5.0 is out!** Discover the new features and security recommendations in the [release announcement](https://github.com/oxsecurity/megalinter/issues/7835). (Skip this info by defining `SECURITY_SUGGESTIONS: false`)[0m

[34mYour project could benefit from a custom flavor, which would allow you to run only the linters you need, and thus improve runtime performances. (Skip this info by defining `FLAVOR_SUGGESTIONS: false`)
[0m- Documentation: https://megalinter.io/9.5.0/custom-flavors/
- Command: `npx mega-linter-runner@9.5.0 --custom-flavor-setup --custom-flavor-linters PYTHON_RUFF,JSON_V8R,JSON_PRETTIER,MARKDOWN_MARKDOWNLINT,MARKDOWN_MARKDOWN_TABLE_FORMATTER,REPOSITORY_CHECKOV,REPOSITORY_GIT_DIFF,REPOSITORY_GITLEAKS,REPOSITORY_OSV_SCANNER,REPOSITORY_SECRETLINT,REPOSITORY_SYFT,REPOSITORY_TRIVY_SBOM,REPOSITORY_TRUFFLEHOG,YAML_PRETTIER,YAML_YAMLLINT,YAML_V8R`

[Updated Sources Reporter] copied 1 fixed source files in folder /github/workspace/megalinter-reports/updated_sources.
[32m✅ Successfully linted all files without errors[0m
